Archive member included because of file (symbol)

c:/imt_sdk_win_64/winavr/bin/../lib/gcc/avr/4.3.3/avr5\libgcc.a(_divmodhi4.o)
                              ./MCAL/Timer/Timer.o (__divmodhi4)
c:/imt_sdk_win_64/winavr/bin/../lib/gcc/avr/4.3.3/avr5\libgcc.a(_divmodsi4.o)
                              ./HAL/LCD/LCD.o (__divmodsi4)
c:/imt_sdk_win_64/winavr/bin/../lib/gcc/avr/4.3.3/avr5\libgcc.a(_exit.o)
                              c:/imt_sdk_win_64/winavr/bin/../lib/gcc/avr/4.3.3/../../../../avr/lib/avr5/crtm32.o (exit)
c:/imt_sdk_win_64/winavr/bin/../lib/gcc/avr/4.3.3/avr5\libgcc.a(_copy_data.o)
                              ./MCAL/DIO/DIO_cfg.o (__do_copy_data)
c:/imt_sdk_win_64/winavr/bin/../lib/gcc/avr/4.3.3/avr5\libgcc.a(_clear_bss.o)
                              ./MCAL/Timer/Timer.o (__do_clear_bss)
c:/imt_sdk_win_64/winavr/bin/../lib/gcc/avr/4.3.3/avr5\libgcc.a(_fixunssfsi.o)
                              ./HAL/LCD/LCD.o (__fixunssfsi)
c:/imt_sdk_win_64/winavr/bin/../lib/gcc/avr/4.3.3/avr5\libgcc.a(_divdi3.o)
                              ./HAL/LCD/LCD.o (__divdi3)
c:/imt_sdk_win_64/winavr/bin/../lib/gcc/avr/4.3.3/avr5\libgcc.a(_moddi3.o)
                              ./HAL/LCD/LCD.o (__moddi3)
c:/imt_sdk_win_64/winavr/bin/../lib/gcc/avr/4.3.3/avr5\libgcc.a(_addsub_sf.o)
                              c:/imt_sdk_win_64/winavr/bin/../lib/gcc/avr/4.3.3/avr5\libgcc.a(_fixunssfsi.o) (__subsf3)
c:/imt_sdk_win_64/winavr/bin/../lib/gcc/avr/4.3.3/avr5\libgcc.a(_mul_sf.o)
                              ./HAL/LCD/LCD.o (__mulsf3)
c:/imt_sdk_win_64/winavr/bin/../lib/gcc/avr/4.3.3/avr5\libgcc.a(_gt_sf.o)
                              ./HAL/LCD/LCD.o (__gtsf2)
c:/imt_sdk_win_64/winavr/bin/../lib/gcc/avr/4.3.3/avr5\libgcc.a(_ge_sf.o)
                              c:/imt_sdk_win_64/winavr/bin/../lib/gcc/avr/4.3.3/avr5\libgcc.a(_fixunssfsi.o) (__gesf2)
c:/imt_sdk_win_64/winavr/bin/../lib/gcc/avr/4.3.3/avr5\libgcc.a(_lt_sf.o)
                              ./HAL/LCD/LCD.o (__ltsf2)
c:/imt_sdk_win_64/winavr/bin/../lib/gcc/avr/4.3.3/avr5\libgcc.a(_sf_to_si.o)
                              ./HAL/LCD/LCD.o (__fixsfsi)
c:/imt_sdk_win_64/winavr/bin/../lib/gcc/avr/4.3.3/avr5\libgcc.a(_thenan_sf.o)
                              c:/imt_sdk_win_64/winavr/bin/../lib/gcc/avr/4.3.3/avr5\libgcc.a(_addsub_sf.o) (__thenan_sf)
c:/imt_sdk_win_64/winavr/bin/../lib/gcc/avr/4.3.3/avr5\libgcc.a(_mulsi3.o)
                              c:/imt_sdk_win_64/winavr/bin/../lib/gcc/avr/4.3.3/avr5\libgcc.a(_divdi3.o) (__mulsi3)
c:/imt_sdk_win_64/winavr/bin/../lib/gcc/avr/4.3.3/avr5\libgcc.a(_udivmodhi4.o)
                              c:/imt_sdk_win_64/winavr/bin/../lib/gcc/avr/4.3.3/avr5\libgcc.a(_divmodhi4.o) (__udivmodhi4)
c:/imt_sdk_win_64/winavr/bin/../lib/gcc/avr/4.3.3/avr5\libgcc.a(_udivmodsi4.o)
                              c:/imt_sdk_win_64/winavr/bin/../lib/gcc/avr/4.3.3/avr5\libgcc.a(_divmodsi4.o) (__udivmodsi4)
c:/imt_sdk_win_64/winavr/bin/../lib/gcc/avr/4.3.3/avr5\libgcc.a(_prologue.o)
                              c:/imt_sdk_win_64/winavr/bin/../lib/gcc/avr/4.3.3/avr5\libgcc.a(_divdi3.o) (__prologue_saves__)
c:/imt_sdk_win_64/winavr/bin/../lib/gcc/avr/4.3.3/avr5\libgcc.a(_epilogue.o)
                              c:/imt_sdk_win_64/winavr/bin/../lib/gcc/avr/4.3.3/avr5\libgcc.a(_divdi3.o) (__epilogue_restores__)
c:/imt_sdk_win_64/winavr/bin/../lib/gcc/avr/4.3.3/avr5\libgcc.a(_clz.o)
                              c:/imt_sdk_win_64/winavr/bin/../lib/gcc/avr/4.3.3/avr5\libgcc.a(_divdi3.o) (__clz_tab)
c:/imt_sdk_win_64/winavr/bin/../lib/gcc/avr/4.3.3/avr5\libgcc.a(_pack_sf.o)
                              c:/imt_sdk_win_64/winavr/bin/../lib/gcc/avr/4.3.3/avr5\libgcc.a(_addsub_sf.o) (__pack_f)
c:/imt_sdk_win_64/winavr/bin/../lib/gcc/avr/4.3.3/avr5\libgcc.a(_unpack_sf.o)
                              c:/imt_sdk_win_64/winavr/bin/../lib/gcc/avr/4.3.3/avr5\libgcc.a(_addsub_sf.o) (__unpack_f)
c:/imt_sdk_win_64/winavr/bin/../lib/gcc/avr/4.3.3/avr5\libgcc.a(_fpcmp_parts_sf.o)
                              c:/imt_sdk_win_64/winavr/bin/../lib/gcc/avr/4.3.3/avr5\libgcc.a(_gt_sf.o) (__fpcmp_parts_f)

Memory Configuration

Name             Origin             Length             Attributes
text             0x00000000         0x00020000         xr
data             0x00800060         0x0000ffa0         rw !x
eeprom           0x00810000         0x00010000         rw !x
fuse             0x00820000         0x00000400         rw !x
lock             0x00830000         0x00000400         rw !x
signature        0x00840000         0x00000400         rw !x
*default*        0x00000000         0xffffffff

Linker script and memory map

LOAD c:/imt_sdk_win_64/winavr/bin/../lib/gcc/avr/4.3.3/../../../../avr/lib/avr5/crtm32.o
LOAD ./MCAL/Timer/Timer.o
LOAD ./MCAL/Timer/Timer_cfg.o
LOAD ./MCAL/GI/GI_program.o
LOAD ./MCAL/EXTI/EXTI_program.o
LOAD ./MCAL/EXI/EXI_cfg.o
LOAD ./MCAL/DIO/DIO.o
LOAD ./MCAL/DIO/DIO_cfg.o
LOAD ./HAL/LCD/LCD.o
LOAD ./HAL/KEYPAD/KEYPAD.o
LOAD ./HAL/KEYPAD/KEYPAD_cfg.o
LOAD ./APP/EXTI_test.o
LOAD c:/imt_sdk_win_64/winavr/bin/../lib/gcc/avr/4.3.3/avr5\libgcc.a
LOAD c:/imt_sdk_win_64/winavr/bin/../lib/gcc/avr/4.3.3/../../../../avr/lib/avr5\libc.a
LOAD c:/imt_sdk_win_64/winavr/bin/../lib/gcc/avr/4.3.3/avr5\libgcc.a

.hash
 *(.hash)

.dynsym
 *(.dynsym)

.dynstr
 *(.dynstr)

.gnu.version
 *(.gnu.version)

.gnu.version_d
 *(.gnu.version_d)

.gnu.version_r
 *(.gnu.version_r)

.rel.init
 *(.rel.init)

.rela.init
 *(.rela.init)

.rel.text
 *(.rel.text)
 *(.rel.text.*)
 *(.rel.gnu.linkonce.t*)

.rela.text
 *(.rela.text)
 *(.rela.text.*)
 *(.rela.gnu.linkonce.t*)

.rel.fini
 *(.rel.fini)

.rela.fini
 *(.rela.fini)

.rel.rodata
 *(.rel.rodata)
 *(.rel.rodata.*)
 *(.rel.gnu.linkonce.r*)

.rela.rodata
 *(.rela.rodata)
 *(.rela.rodata.*)
 *(.rela.gnu.linkonce.r*)

.rel.data
 *(.rel.data)
 *(.rel.data.*)
 *(.rel.gnu.linkonce.d*)

.rela.data
 *(.rela.data)
 *(.rela.data.*)
 *(.rela.gnu.linkonce.d*)

.rel.ctors
 *(.rel.ctors)

.rela.ctors
 *(.rela.ctors)

.rel.dtors
 *(.rel.dtors)

.rela.dtors
 *(.rela.dtors)

.rel.got
 *(.rel.got)

.rela.got
 *(.rela.got)

.rel.bss
 *(.rel.bss)

.rela.bss
 *(.rela.bss)

.rel.plt
 *(.rel.plt)

.rela.plt
 *(.rela.plt)

.text           0x00000000     0x5500
 *(.vectors)
 .vectors       0x00000000       0x54 c:/imt_sdk_win_64/winavr/bin/../lib/gcc/avr/4.3.3/../../../../avr/lib/avr5/crtm32.o
                0x00000000                __vectors
                0x00000000                __vector_default
 *(.vectors)
 *(.progmem.gcc*)
 *(.progmem*)
                0x00000054                . = ALIGN (0x2)
                0x00000054                __trampolines_start = .
 *(.trampolines)
 .trampolines   0x00000054        0x0 linker stubs
 *(.trampolines*)
                0x00000054                __trampolines_end = .
 *(.jumptables)
 *(.jumptables*)
 *(.lowtext)
 *(.lowtext*)
                0x00000054                __ctors_start = .
 *(.ctors)
                0x00000054                __ctors_end = .
                0x00000054                __dtors_start = .
 *(.dtors)
                0x00000054                __dtors_end = .
 SORT(*)(.ctors)
 SORT(*)(.dtors)
 *(.init0)
 .init0         0x00000054        0x0 c:/imt_sdk_win_64/winavr/bin/../lib/gcc/avr/4.3.3/../../../../avr/lib/avr5/crtm32.o
                0x00000054                __init
 *(.init0)
 *(.init1)
 *(.init1)
 *(.init2)
 .init2         0x00000054        0xc c:/imt_sdk_win_64/winavr/bin/../lib/gcc/avr/4.3.3/../../../../avr/lib/avr5/crtm32.o
 *(.init2)
 *(.init3)
 *(.init3)
 *(.init4)
 .init4         0x00000060       0x16 c:/imt_sdk_win_64/winavr/bin/../lib/gcc/avr/4.3.3/avr5\libgcc.a(_copy_data.o)
                0x00000060                __do_copy_data
 .init4         0x00000076       0x10 c:/imt_sdk_win_64/winavr/bin/../lib/gcc/avr/4.3.3/avr5\libgcc.a(_clear_bss.o)
                0x00000076                __do_clear_bss
 *(.init4)
 *(.init5)
 *(.init5)
 *(.init6)
 *(.init6)
 *(.init7)
 *(.init7)
 *(.init8)
 *(.init8)
 *(.init9)
 .init9         0x00000086        0x8 c:/imt_sdk_win_64/winavr/bin/../lib/gcc/avr/4.3.3/../../../../avr/lib/avr5/crtm32.o
 *(.init9)
 *(.text)
 .text          0x0000008e        0x4 c:/imt_sdk_win_64/winavr/bin/../lib/gcc/avr/4.3.3/../../../../avr/lib/avr5/crtm32.o
                0x0000008e                __vector_12
                0x0000008e                __bad_interrupt
                0x0000008e                __vector_6
                0x0000008e                __vector_3
                0x0000008e                __vector_13
                0x0000008e                __vector_17
                0x0000008e                __vector_19
                0x0000008e                __vector_7
                0x0000008e                __vector_5
                0x0000008e                __vector_4
                0x0000008e                __vector_9
                0x0000008e                __vector_15
                0x0000008e                __vector_8
                0x0000008e                __vector_14
                0x0000008e                __vector_16
                0x0000008e                __vector_18
                0x0000008e                __vector_20
 .text          0x00000092        0x0 ./MCAL/Timer/Timer.o
 .text          0x00000092        0x0 ./MCAL/Timer/Timer_cfg.o
 .text          0x00000092        0x0 ./MCAL/GI/GI_program.o
 .text          0x00000092        0x0 ./MCAL/EXTI/EXTI_program.o
 .text          0x00000092        0x0 ./MCAL/EXI/EXI_cfg.o
 .text          0x00000092        0x0 ./MCAL/DIO/DIO.o
 .text          0x00000092        0x0 ./MCAL/DIO/DIO_cfg.o
 .text          0x00000092        0x0 ./HAL/LCD/LCD.o
 .text          0x00000092        0x0 ./HAL/KEYPAD/KEYPAD.o
 .text          0x00000092        0x0 ./HAL/KEYPAD/KEYPAD_cfg.o
 .text          0x00000092        0x0 ./APP/EXTI_test.o
 .text          0x00000092        0x0 c:/imt_sdk_win_64/winavr/bin/../lib/gcc/avr/4.3.3/avr5\libgcc.a(_divmodhi4.o)
 .text          0x00000092        0x0 c:/imt_sdk_win_64/winavr/bin/../lib/gcc/avr/4.3.3/avr5\libgcc.a(_divmodsi4.o)
 .text          0x00000092        0x0 c:/imt_sdk_win_64/winavr/bin/../lib/gcc/avr/4.3.3/avr5\libgcc.a(_exit.o)
 .text          0x00000092        0x0 c:/imt_sdk_win_64/winavr/bin/../lib/gcc/avr/4.3.3/avr5\libgcc.a(_copy_data.o)
 .text          0x00000092        0x0 c:/imt_sdk_win_64/winavr/bin/../lib/gcc/avr/4.3.3/avr5\libgcc.a(_clear_bss.o)
 .text          0x00000092       0x58 c:/imt_sdk_win_64/winavr/bin/../lib/gcc/avr/4.3.3/avr5\libgcc.a(_fixunssfsi.o)
                0x00000092                __fixunssfsi
 .text          0x000000ea     0x1050 c:/imt_sdk_win_64/winavr/bin/../lib/gcc/avr/4.3.3/avr5\libgcc.a(_divdi3.o)
                0x000000ea                __divdi3
 .text          0x0000113a     0x107a c:/imt_sdk_win_64/winavr/bin/../lib/gcc/avr/4.3.3/avr5\libgcc.a(_moddi3.o)
                0x0000113a                __moddi3
 .text          0x000021b4      0x354 c:/imt_sdk_win_64/winavr/bin/../lib/gcc/avr/4.3.3/avr5\libgcc.a(_addsub_sf.o)
                0x0000244c                __subsf3
                0x000024ae                __addsf3
 .text          0x00002508      0x1f4 c:/imt_sdk_win_64/winavr/bin/../lib/gcc/avr/4.3.3/avr5\libgcc.a(_mul_sf.o)
                0x00002508                __mulsf3
 .text          0x000026fc       0x60 c:/imt_sdk_win_64/winavr/bin/../lib/gcc/avr/4.3.3/avr5\libgcc.a(_gt_sf.o)
                0x000026fc                __gtsf2
 .text          0x0000275c       0x60 c:/imt_sdk_win_64/winavr/bin/../lib/gcc/avr/4.3.3/avr5\libgcc.a(_ge_sf.o)
                0x0000275c                __gesf2
 .text          0x000027bc       0x60 c:/imt_sdk_win_64/winavr/bin/../lib/gcc/avr/4.3.3/avr5\libgcc.a(_lt_sf.o)
                0x000027bc                __ltsf2
 .text          0x0000281c       0xa8 c:/imt_sdk_win_64/winavr/bin/../lib/gcc/avr/4.3.3/avr5\libgcc.a(_sf_to_si.o)
                0x0000281c                __fixsfsi
 .text          0x000028c4        0x0 c:/imt_sdk_win_64/winavr/bin/../lib/gcc/avr/4.3.3/avr5\libgcc.a(_thenan_sf.o)
 .text          0x000028c4        0x0 c:/imt_sdk_win_64/winavr/bin/../lib/gcc/avr/4.3.3/avr5\libgcc.a(_mulsi3.o)
 .text          0x000028c4        0x0 c:/imt_sdk_win_64/winavr/bin/../lib/gcc/avr/4.3.3/avr5\libgcc.a(_udivmodhi4.o)
 .text          0x000028c4        0x0 c:/imt_sdk_win_64/winavr/bin/../lib/gcc/avr/4.3.3/avr5\libgcc.a(_udivmodsi4.o)
 .text          0x000028c4        0x0 c:/imt_sdk_win_64/winavr/bin/../lib/gcc/avr/4.3.3/avr5\libgcc.a(_prologue.o)
 .text          0x000028c4        0x0 c:/imt_sdk_win_64/winavr/bin/../lib/gcc/avr/4.3.3/avr5\libgcc.a(_epilogue.o)
 .text          0x000028c4        0x0 c:/imt_sdk_win_64/winavr/bin/../lib/gcc/avr/4.3.3/avr5\libgcc.a(_clz.o)
 .text          0x000028c4      0x1aa c:/imt_sdk_win_64/winavr/bin/../lib/gcc/avr/4.3.3/avr5\libgcc.a(_pack_sf.o)
                0x000028c4                __pack_f
 .text          0x00002a6e       0xf0 c:/imt_sdk_win_64/winavr/bin/../lib/gcc/avr/4.3.3/avr5\libgcc.a(_unpack_sf.o)
                0x00002a6e                __unpack_f
 .text          0x00002b5e       0xb2 c:/imt_sdk_win_64/winavr/bin/../lib/gcc/avr/4.3.3/avr5\libgcc.a(_fpcmp_parts_sf.o)
                0x00002b5e                __fpcmp_parts_f
                0x00002c10                . = ALIGN (0x2)
 *(.text.*)
 .text.Timer0_Init
                0x00002c10       0x16 ./MCAL/Timer/Timer.o
                0x00002c10                Timer0_Init
 .text.Timer0_Config
                0x00002c26       0x92 ./MCAL/Timer/Timer.o
                0x00002c26                Timer0_Config
 .text.Timer0_OVF_Enable
                0x00002cb8       0x1c ./MCAL/Timer/Timer.o
                0x00002cb8                Timer0_OVF_Enable
 .text.Timer0_OVF_Disable
                0x00002cd4       0x1c ./MCAL/Timer/Timer.o
                0x00002cd4                Timer0_OVF_Disable
 .text.Timer0_OCM_Enable
                0x00002cf0       0x1c ./MCAL/Timer/Timer.o
                0x00002cf0                Timer0_OCM_Enable
 .text.Timer0_OCM_Disable
                0x00002d0c       0x1c ./MCAL/Timer/Timer.o
                0x00002d0c                Timer0_OCM_Disable
 .text.Timer0_SetDutyCycleFastPWM
                0x00002d28       0x86 ./MCAL/Timer/Timer.o
                0x00002d28                Timer0_SetDutyCycleFastPWM
 .text.Timer0_SetDutyCyclePhaseCorrection
                0x00002dae       0xb8 ./MCAL/Timer/Timer.o
                0x00002dae                Timer0_SetDutyCyclePhaseCorrection
 .text.Timer0_SetCallBack
                0x00002e66       0x24 ./MCAL/Timer/Timer.o
                0x00002e66                Timer0_SetCallBack
 .text.__vector_10
                0x00002e8a       0x5a ./MCAL/Timer/Timer.o
                0x00002e8a                __vector_10
 .text.__vector_11
                0x00002ee4       0x20 ./MCAL/Timer/Timer.o
                0x00002ee4                __vector_11
 .text.General_Inrerupt_Enable
                0x00002f04       0x1c ./MCAL/GI/GI_program.o
                0x00002f04                General_Inrerupt_Enable
 .text.General_Inrerupt_Disable
                0x00002f20       0x1c ./MCAL/GI/GI_program.o
                0x00002f20                General_Inrerupt_Disable
 .text.EXTI_INIT
                0x00002f3c      0x112 ./MCAL/EXTI/EXTI_program.o
                0x00002f3c                EXTI_INIT
 .text.EXTI_Enable
                0x0000304e       0x6e ./MCAL/EXTI/EXTI_program.o
                0x0000304e                EXTI_Enable
 .text.EXTI_Disable
                0x000030bc       0x6e ./MCAL/EXTI/EXTI_program.o
                0x000030bc                EXTI_Disable
 .text.DIO_initpin
                0x0000312a      0x4e0 ./MCAL/DIO/DIO.o
                0x0000312a                DIO_initpin
 .text.DIO_writepin
                0x0000360a      0x21e ./MCAL/DIO/DIO.o
                0x0000360a                DIO_writepin
 .text.DIO_writeport
                0x00003828       0x82 ./MCAL/DIO/DIO.o
                0x00003828                DIO_writeport
 .text.DIO_readpin
                0x000038aa      0x102 ./MCAL/DIO/DIO.o
                0x000038aa                DIO_readpin
 .text.DIO_init
                0x000039ac       0x48 ./MCAL/DIO/DIO.o
                0x000039ac                DIO_init
 .text.LCD_write_command
                0x000039f4      0x472 ./HAL/LCD/LCD.o
                0x000039f4                LCD_write_command
 .text.LCD_write_char
                0x00003e66      0x472 ./HAL/LCD/LCD.o
                0x00003e66                LCD_write_char
 .text.LCD_write_f_num
                0x000042d8      0x492 ./HAL/LCD/LCD.o
                0x000042d8                LCD_write_f_num
 .text.LCD_write_string
                0x0000476a       0x56 ./HAL/LCD/LCD.o
                0x0000476a                LCD_write_string
 .text.LCD_write_num
                0x000047c0      0x12e ./HAL/LCD/LCD.o
                0x000047c0                LCD_write_num
 .text.LCD_go_to
                0x000048ee       0x44 ./HAL/LCD/LCD.o
                0x000048ee                LCD_go_to
 .text.LCD_write_string_pos
                0x00004932       0x32 ./HAL/LCD/LCD.o
                0x00004932                LCD_write_string_pos
 .text.LCD_init
                0x00004964      0x7e0 ./HAL/LCD/LCD.o
                0x00004964                LCD_init
 .text.LCD_clear
                0x00005144       0x14 ./HAL/LCD/LCD.o
                0x00005144                LCD_clear
 .text.KEYPAD_init
                0x00005158       0x40 ./HAL/KEYPAD/KEYPAD.o
                0x00005158                KEYPAD_init
 .text.KEYPAD_get_key
                0x00005198       0xae ./HAL/KEYPAD/KEYPAD.o
                0x00005198                KEYPAD_get_key
 .text.main     0x00005246       0x46 ./APP/EXTI_test.o
                0x00005246                main
 .text.toogle_led1
                0x0000528c       0x2a ./APP/EXTI_test.o
                0x0000528c                toogle_led1
 .text.toogle_led2
                0x000052b6       0x2a ./APP/EXTI_test.o
                0x000052b6                toogle_led2
 .text.__vector_1
                0x000052e0       0x54 ./APP/EXTI_test.o
                0x000052e0                __vector_1
 .text.__vector_2
                0x00005334       0x54 ./APP/EXTI_test.o
                0x00005334                __vector_2
 .text.libgcc   0x00005388       0x26 c:/imt_sdk_win_64/winavr/bin/../lib/gcc/avr/4.3.3/avr5\libgcc.a(_divmodhi4.o)
                0x00005388                __divmodhi4
                0x00005388                _div
 .text.libgcc   0x000053ae       0x36 c:/imt_sdk_win_64/winavr/bin/../lib/gcc/avr/4.3.3/avr5\libgcc.a(_divmodsi4.o)
                0x000053ae                __divmodsi4
 .text.libgcc   0x000053e4        0x0 c:/imt_sdk_win_64/winavr/bin/../lib/gcc/avr/4.3.3/avr5\libgcc.a(_exit.o)
 .text.libgcc   0x000053e4        0x0 c:/imt_sdk_win_64/winavr/bin/../lib/gcc/avr/4.3.3/avr5\libgcc.a(_copy_data.o)
 .text.libgcc   0x000053e4        0x0 c:/imt_sdk_win_64/winavr/bin/../lib/gcc/avr/4.3.3/avr5\libgcc.a(_clear_bss.o)
 .text.libgcc   0x000053e4       0x3e c:/imt_sdk_win_64/winavr/bin/../lib/gcc/avr/4.3.3/avr5\libgcc.a(_mulsi3.o)
                0x000053e4                __mulsi3
 .text.libgcc   0x00005422       0x28 c:/imt_sdk_win_64/winavr/bin/../lib/gcc/avr/4.3.3/avr5\libgcc.a(_udivmodhi4.o)
                0x00005422                __udivmodhi4
 .text.libgcc   0x0000544a       0x44 c:/imt_sdk_win_64/winavr/bin/../lib/gcc/avr/4.3.3/avr5\libgcc.a(_udivmodsi4.o)
                0x0000544a                __udivmodsi4
 .text.libgcc   0x0000548e       0x38 c:/imt_sdk_win_64/winavr/bin/../lib/gcc/avr/4.3.3/avr5\libgcc.a(_prologue.o)
                0x0000548e                __prologue_saves__
 .text.libgcc   0x000054c6       0x36 c:/imt_sdk_win_64/winavr/bin/../lib/gcc/avr/4.3.3/avr5\libgcc.a(_epilogue.o)
                0x000054c6                __epilogue_restores__
                0x000054fc                . = ALIGN (0x2)
 *(.fini9)
 .fini9         0x000054fc        0x0 c:/imt_sdk_win_64/winavr/bin/../lib/gcc/avr/4.3.3/avr5\libgcc.a(_exit.o)
                0x000054fc                exit
                0x000054fc                _exit
 *(.fini9)
 *(.fini8)
 *(.fini8)
 *(.fini7)
 *(.fini7)
 *(.fini6)
 *(.fini6)
 *(.fini5)
 *(.fini5)
 *(.fini4)
 *(.fini4)
 *(.fini3)
 *(.fini3)
 *(.fini2)
 *(.fini2)
 *(.fini1)
 *(.fini1)
 *(.fini0)
 .fini0         0x000054fc        0x4 c:/imt_sdk_win_64/winavr/bin/../lib/gcc/avr/4.3.3/avr5\libgcc.a(_exit.o)
 *(.fini0)
                0x00005500                _etext = .

.data           0x00800060      0x140 load address 0x00005500
                0x00800060                PROVIDE (__data_start, .)
 *(.data)
 .data          0x00800060        0x0 c:/imt_sdk_win_64/winavr/bin/../lib/gcc/avr/4.3.3/../../../../avr/lib/avr5/crtm32.o
 .data          0x00800060        0x0 ./MCAL/Timer/Timer.o
 .data          0x00800060        0x0 ./MCAL/Timer/Timer_cfg.o
 .data          0x00800060        0x0 ./MCAL/GI/GI_program.o
 .data          0x00800060        0x0 ./MCAL/EXTI/EXTI_program.o
 .data          0x00800060        0x0 ./MCAL/EXI/EXI_cfg.o
 .data          0x00800060        0x0 ./MCAL/DIO/DIO.o
 .data          0x00800060        0x0 ./MCAL/DIO/DIO_cfg.o
 .data          0x00800060        0x0 ./HAL/LCD/LCD.o
 .data          0x00800060        0x0 ./HAL/KEYPAD/KEYPAD.o
 .data          0x00800060        0x0 ./HAL/KEYPAD/KEYPAD_cfg.o
 .data          0x00800060        0x0 ./APP/EXTI_test.o
 .data          0x00800060        0x0 c:/imt_sdk_win_64/winavr/bin/../lib/gcc/avr/4.3.3/avr5\libgcc.a(_divmodhi4.o)
 .data          0x00800060        0x0 c:/imt_sdk_win_64/winavr/bin/../lib/gcc/avr/4.3.3/avr5\libgcc.a(_divmodsi4.o)
 .data          0x00800060        0x0 c:/imt_sdk_win_64/winavr/bin/../lib/gcc/avr/4.3.3/avr5\libgcc.a(_exit.o)
 .data          0x00800060        0x0 c:/imt_sdk_win_64/winavr/bin/../lib/gcc/avr/4.3.3/avr5\libgcc.a(_copy_data.o)
 .data          0x00800060        0x0 c:/imt_sdk_win_64/winavr/bin/../lib/gcc/avr/4.3.3/avr5\libgcc.a(_clear_bss.o)
 .data          0x00800060        0x0 c:/imt_sdk_win_64/winavr/bin/../lib/gcc/avr/4.3.3/avr5\libgcc.a(_fixunssfsi.o)
 .data          0x00800060        0x0 c:/imt_sdk_win_64/winavr/bin/../lib/gcc/avr/4.3.3/avr5\libgcc.a(_divdi3.o)
 .data          0x00800060        0x0 c:/imt_sdk_win_64/winavr/bin/../lib/gcc/avr/4.3.3/avr5\libgcc.a(_moddi3.o)
 .data          0x00800060        0x0 c:/imt_sdk_win_64/winavr/bin/../lib/gcc/avr/4.3.3/avr5\libgcc.a(_addsub_sf.o)
 .data          0x00800060        0x0 c:/imt_sdk_win_64/winavr/bin/../lib/gcc/avr/4.3.3/avr5\libgcc.a(_mul_sf.o)
 .data          0x00800060        0x0 c:/imt_sdk_win_64/winavr/bin/../lib/gcc/avr/4.3.3/avr5\libgcc.a(_gt_sf.o)
 .data          0x00800060        0x0 c:/imt_sdk_win_64/winavr/bin/../lib/gcc/avr/4.3.3/avr5\libgcc.a(_ge_sf.o)
 .data          0x00800060        0x0 c:/imt_sdk_win_64/winavr/bin/../lib/gcc/avr/4.3.3/avr5\libgcc.a(_lt_sf.o)
 .data          0x00800060        0x0 c:/imt_sdk_win_64/winavr/bin/../lib/gcc/avr/4.3.3/avr5\libgcc.a(_sf_to_si.o)
 .data          0x00800060        0x8 c:/imt_sdk_win_64/winavr/bin/../lib/gcc/avr/4.3.3/avr5\libgcc.a(_thenan_sf.o)
                0x00800060                __thenan_sf
 .data          0x00800068        0x0 c:/imt_sdk_win_64/winavr/bin/../lib/gcc/avr/4.3.3/avr5\libgcc.a(_mulsi3.o)
 .data          0x00800068        0x0 c:/imt_sdk_win_64/winavr/bin/../lib/gcc/avr/4.3.3/avr5\libgcc.a(_udivmodhi4.o)
 .data          0x00800068        0x0 c:/imt_sdk_win_64/winavr/bin/../lib/gcc/avr/4.3.3/avr5\libgcc.a(_udivmodsi4.o)
 .data          0x00800068        0x0 c:/imt_sdk_win_64/winavr/bin/../lib/gcc/avr/4.3.3/avr5\libgcc.a(_prologue.o)
 .data          0x00800068        0x0 c:/imt_sdk_win_64/winavr/bin/../lib/gcc/avr/4.3.3/avr5\libgcc.a(_epilogue.o)
 .data          0x00800068      0x100 c:/imt_sdk_win_64/winavr/bin/../lib/gcc/avr/4.3.3/avr5\libgcc.a(_clz.o)
                0x00800068                __clz_tab
 .data          0x00800168        0x0 c:/imt_sdk_win_64/winavr/bin/../lib/gcc/avr/4.3.3/avr5\libgcc.a(_pack_sf.o)
 .data          0x00800168        0x0 c:/imt_sdk_win_64/winavr/bin/../lib/gcc/avr/4.3.3/avr5\libgcc.a(_unpack_sf.o)
 .data          0x00800168        0x0 c:/imt_sdk_win_64/winavr/bin/../lib/gcc/avr/4.3.3/avr5\libgcc.a(_fpcmp_parts_sf.o)
 *(.data*)
 *(.rodata)
 *(.rodata*)
 .rodata.config_pins
                0x00800168       0x20 ./MCAL/DIO/DIO_cfg.o
                0x00800168                config_pins
 .rodata.ROW    0x00800188        0x4 ./HAL/KEYPAD/KEYPAD_cfg.o
                0x00800188                ROW
 .rodata.COL    0x0080018c        0x4 ./HAL/KEYPAD/KEYPAD_cfg.o
                0x0080018c                COL
 .rodata.KEYS   0x00800190       0x10 ./HAL/KEYPAD/KEYPAD_cfg.o
                0x00800190                KEYS
 *(.gnu.linkonce.d*)
                0x008001a0                . = ALIGN (0x2)
                0x008001a0                _edata = .
                0x008001a0                PROVIDE (__data_end, .)

.bss            0x008001a0        0x2
                0x008001a0                PROVIDE (__bss_start, .)
 *(.bss)
 .bss           0x008001a0        0x0 c:/imt_sdk_win_64/winavr/bin/../lib/gcc/avr/4.3.3/../../../../avr/lib/avr5/crtm32.o
 .bss           0x008001a0        0x0 ./MCAL/Timer/Timer.o
 .bss           0x008001a0        0x0 ./MCAL/Timer/Timer_cfg.o
 .bss           0x008001a0        0x0 ./MCAL/GI/GI_program.o
 .bss           0x008001a0        0x0 ./MCAL/EXTI/EXTI_program.o
 .bss           0x008001a0        0x0 ./MCAL/EXI/EXI_cfg.o
 .bss           0x008001a0        0x0 ./MCAL/DIO/DIO.o
 .bss           0x008001a0        0x0 ./MCAL/DIO/DIO_cfg.o
 .bss           0x008001a0        0x0 ./HAL/LCD/LCD.o
 .bss           0x008001a0        0x0 ./HAL/KEYPAD/KEYPAD.o
 .bss           0x008001a0        0x0 ./HAL/KEYPAD/KEYPAD_cfg.o
 .bss           0x008001a0        0x0 ./APP/EXTI_test.o
 .bss           0x008001a0        0x0 c:/imt_sdk_win_64/winavr/bin/../lib/gcc/avr/4.3.3/avr5\libgcc.a(_divmodhi4.o)
 .bss           0x008001a0        0x0 c:/imt_sdk_win_64/winavr/bin/../lib/gcc/avr/4.3.3/avr5\libgcc.a(_divmodsi4.o)
 .bss           0x008001a0        0x0 c:/imt_sdk_win_64/winavr/bin/../lib/gcc/avr/4.3.3/avr5\libgcc.a(_exit.o)
 .bss           0x008001a0        0x0 c:/imt_sdk_win_64/winavr/bin/../lib/gcc/avr/4.3.3/avr5\libgcc.a(_copy_data.o)
 .bss           0x008001a0        0x0 c:/imt_sdk_win_64/winavr/bin/../lib/gcc/avr/4.3.3/avr5\libgcc.a(_clear_bss.o)
 .bss           0x008001a0        0x0 c:/imt_sdk_win_64/winavr/bin/../lib/gcc/avr/4.3.3/avr5\libgcc.a(_fixunssfsi.o)
 .bss           0x008001a0        0x0 c:/imt_sdk_win_64/winavr/bin/../lib/gcc/avr/4.3.3/avr5\libgcc.a(_divdi3.o)
 .bss           0x008001a0        0x0 c:/imt_sdk_win_64/winavr/bin/../lib/gcc/avr/4.3.3/avr5\libgcc.a(_moddi3.o)
 .bss           0x008001a0        0x0 c:/imt_sdk_win_64/winavr/bin/../lib/gcc/avr/4.3.3/avr5\libgcc.a(_addsub_sf.o)
 .bss           0x008001a0        0x0 c:/imt_sdk_win_64/winavr/bin/../lib/gcc/avr/4.3.3/avr5\libgcc.a(_mul_sf.o)
 .bss           0x008001a0        0x0 c:/imt_sdk_win_64/winavr/bin/../lib/gcc/avr/4.3.3/avr5\libgcc.a(_gt_sf.o)
 .bss           0x008001a0        0x0 c:/imt_sdk_win_64/winavr/bin/../lib/gcc/avr/4.3.3/avr5\libgcc.a(_ge_sf.o)
 .bss           0x008001a0        0x0 c:/imt_sdk_win_64/winavr/bin/../lib/gcc/avr/4.3.3/avr5\libgcc.a(_lt_sf.o)
 .bss           0x008001a0        0x0 c:/imt_sdk_win_64/winavr/bin/../lib/gcc/avr/4.3.3/avr5\libgcc.a(_sf_to_si.o)
 .bss           0x008001a0        0x0 c:/imt_sdk_win_64/winavr/bin/../lib/gcc/avr/4.3.3/avr5\libgcc.a(_thenan_sf.o)
 .bss           0x008001a0        0x0 c:/imt_sdk_win_64/winavr/bin/../lib/gcc/avr/4.3.3/avr5\libgcc.a(_mulsi3.o)
 .bss           0x008001a0        0x0 c:/imt_sdk_win_64/winavr/bin/../lib/gcc/avr/4.3.3/avr5\libgcc.a(_udivmodhi4.o)
 .bss           0x008001a0        0x0 c:/imt_sdk_win_64/winavr/bin/../lib/gcc/avr/4.3.3/avr5\libgcc.a(_udivmodsi4.o)
 .bss           0x008001a0        0x0 c:/imt_sdk_win_64/winavr/bin/../lib/gcc/avr/4.3.3/avr5\libgcc.a(_prologue.o)
 .bss           0x008001a0        0x0 c:/imt_sdk_win_64/winavr/bin/../lib/gcc/avr/4.3.3/avr5\libgcc.a(_epilogue.o)
 .bss           0x008001a0        0x0 c:/imt_sdk_win_64/winavr/bin/../lib/gcc/avr/4.3.3/avr5\libgcc.a(_clz.o)
 .bss           0x008001a0        0x0 c:/imt_sdk_win_64/winavr/bin/../lib/gcc/avr/4.3.3/avr5\libgcc.a(_pack_sf.o)
 .bss           0x008001a0        0x0 c:/imt_sdk_win_64/winavr/bin/../lib/gcc/avr/4.3.3/avr5\libgcc.a(_unpack_sf.o)
 .bss           0x008001a0        0x0 c:/imt_sdk_win_64/winavr/bin/../lib/gcc/avr/4.3.3/avr5\libgcc.a(_fpcmp_parts_sf.o)
 *(.bss*)
 .bss.Apfunc_TIMER0_OVF
                0x008001a0        0x2 ./MCAL/Timer/Timer.o
 *(COMMON)
                0x008001a2                PROVIDE (__bss_end, .)
                0x00005500                __data_load_start = LOADADDR (.data)
                0x00005640                __data_load_end = (__data_load_start + SIZEOF (.data))

.noinit         0x008001a2        0x0
                0x008001a2                PROVIDE (__noinit_start, .)
 *(.noinit*)
                0x008001a2                PROVIDE (__noinit_end, .)
                0x008001a2                _end = .
                0x008001a2                PROVIDE (__heap_start, .)

.eeprom         0x00810000        0x0
 *(.eeprom*)
                0x00810000                __eeprom_end = .

.fuse
 *(.fuse)
 *(.lfuse)
 *(.hfuse)
 *(.efuse)

.lock
 *(.lock*)

.signature
 *(.signature*)

.stab
 *(.stab)

.stabstr
 *(.stabstr)

.stab.excl
 *(.stab.excl)

.stab.exclstr
 *(.stab.exclstr)

.stab.index
 *(.stab.index)

.stab.indexstr
 *(.stab.indexstr)

.comment
 *(.comment)

.debug
 *(.debug)

.line
 *(.line)

.debug_srcinfo
 *(.debug_srcinfo)

.debug_sfnames
 *(.debug_sfnames)

.debug_aranges  0x00000000      0x350
 *(.debug_aranges)
 .debug_aranges
                0x00000000       0x70 ./MCAL/Timer/Timer.o
 .debug_aranges
                0x00000070       0x28 ./MCAL/GI/GI_program.o
 .debug_aranges
                0x00000098       0x30 ./MCAL/EXTI/EXTI_program.o
 .debug_aranges
                0x000000c8       0x40 ./MCAL/DIO/DIO.o
 .debug_aranges
                0x00000108       0x60 ./HAL/LCD/LCD.o
 .debug_aranges
                0x00000168       0x28 ./HAL/KEYPAD/KEYPAD.o
 .debug_aranges
                0x00000190       0x40 ./APP/EXTI_test.o
 .debug_aranges
                0x000001d0       0x20 c:/imt_sdk_win_64/winavr/bin/../lib/gcc/avr/4.3.3/avr5\libgcc.a(_fixunssfsi.o)
 .debug_aranges
                0x000001f0       0x20 c:/imt_sdk_win_64/winavr/bin/../lib/gcc/avr/4.3.3/avr5\libgcc.a(_divdi3.o)
 .debug_aranges
                0x00000210       0x20 c:/imt_sdk_win_64/winavr/bin/../lib/gcc/avr/4.3.3/avr5\libgcc.a(_moddi3.o)
 .debug_aranges
                0x00000230       0x20 c:/imt_sdk_win_64/winavr/bin/../lib/gcc/avr/4.3.3/avr5\libgcc.a(_addsub_sf.o)
 .debug_aranges
                0x00000250       0x20 c:/imt_sdk_win_64/winavr/bin/../lib/gcc/avr/4.3.3/avr5\libgcc.a(_mul_sf.o)
 .debug_aranges
                0x00000270       0x20 c:/imt_sdk_win_64/winavr/bin/../lib/gcc/avr/4.3.3/avr5\libgcc.a(_gt_sf.o)
 .debug_aranges
                0x00000290       0x20 c:/imt_sdk_win_64/winavr/bin/../lib/gcc/avr/4.3.3/avr5\libgcc.a(_ge_sf.o)
 .debug_aranges
                0x000002b0       0x20 c:/imt_sdk_win_64/winavr/bin/../lib/gcc/avr/4.3.3/avr5\libgcc.a(_lt_sf.o)
 .debug_aranges
                0x000002d0       0x20 c:/imt_sdk_win_64/winavr/bin/../lib/gcc/avr/4.3.3/avr5\libgcc.a(_sf_to_si.o)
 .debug_aranges
                0x000002f0       0x20 c:/imt_sdk_win_64/winavr/bin/../lib/gcc/avr/4.3.3/avr5\libgcc.a(_pack_sf.o)
 .debug_aranges
                0x00000310       0x20 c:/imt_sdk_win_64/winavr/bin/../lib/gcc/avr/4.3.3/avr5\libgcc.a(_unpack_sf.o)
 .debug_aranges
                0x00000330       0x20 c:/imt_sdk_win_64/winavr/bin/../lib/gcc/avr/4.3.3/avr5\libgcc.a(_fpcmp_parts_sf.o)

.debug_pubnames
                0x00000000      0x55a
 *(.debug_pubnames)
 .debug_pubnames
                0x00000000      0x10b ./MCAL/Timer/Timer.o
 .debug_pubnames
                0x0000010b       0x4b ./MCAL/GI/GI_program.o
 .debug_pubnames
                0x00000156       0x41 ./MCAL/EXTI/EXTI_program.o
 .debug_pubnames
                0x00000197       0x62 ./MCAL/DIO/DIO.o
 .debug_pubnames
                0x000001f9       0x22 ./MCAL/DIO/DIO_cfg.o
 .debug_pubnames
                0x0000021b       0xb8 ./HAL/LCD/LCD.o
 .debug_pubnames
                0x000002d3       0x35 ./HAL/KEYPAD/KEYPAD.o
 .debug_pubnames
                0x00000308       0x2b ./HAL/KEYPAD/KEYPAD_cfg.o
 .debug_pubnames
                0x00000333       0x59 ./APP/EXTI_test.o
 .debug_pubnames
                0x0000038c       0x23 c:/imt_sdk_win_64/winavr/bin/../lib/gcc/avr/4.3.3/avr5\libgcc.a(_fixunssfsi.o)
 .debug_pubnames
                0x000003af       0x1f c:/imt_sdk_win_64/winavr/bin/../lib/gcc/avr/4.3.3/avr5\libgcc.a(_divdi3.o)
 .debug_pubnames
                0x000003ce       0x1f c:/imt_sdk_win_64/winavr/bin/../lib/gcc/avr/4.3.3/avr5\libgcc.a(_moddi3.o)
 .debug_pubnames
                0x000003ed       0x2c c:/imt_sdk_win_64/winavr/bin/../lib/gcc/avr/4.3.3/avr5\libgcc.a(_addsub_sf.o)
 .debug_pubnames
                0x00000419       0x1f c:/imt_sdk_win_64/winavr/bin/../lib/gcc/avr/4.3.3/avr5\libgcc.a(_mul_sf.o)
 .debug_pubnames
                0x00000438       0x1e c:/imt_sdk_win_64/winavr/bin/../lib/gcc/avr/4.3.3/avr5\libgcc.a(_gt_sf.o)
 .debug_pubnames
                0x00000456       0x1e c:/imt_sdk_win_64/winavr/bin/../lib/gcc/avr/4.3.3/avr5\libgcc.a(_ge_sf.o)
 .debug_pubnames
                0x00000474       0x1e c:/imt_sdk_win_64/winavr/bin/../lib/gcc/avr/4.3.3/avr5\libgcc.a(_lt_sf.o)
 .debug_pubnames
                0x00000492       0x20 c:/imt_sdk_win_64/winavr/bin/../lib/gcc/avr/4.3.3/avr5\libgcc.a(_sf_to_si.o)
 .debug_pubnames
                0x000004b2       0x22 c:/imt_sdk_win_64/winavr/bin/../lib/gcc/avr/4.3.3/avr5\libgcc.a(_thenan_sf.o)
 .debug_pubnames
                0x000004d4       0x20 c:/imt_sdk_win_64/winavr/bin/../lib/gcc/avr/4.3.3/avr5\libgcc.a(_clz.o)
 .debug_pubnames
                0x000004f4       0x1f c:/imt_sdk_win_64/winavr/bin/../lib/gcc/avr/4.3.3/avr5\libgcc.a(_pack_sf.o)
 .debug_pubnames
                0x00000513       0x21 c:/imt_sdk_win_64/winavr/bin/../lib/gcc/avr/4.3.3/avr5\libgcc.a(_unpack_sf.o)
 .debug_pubnames
                0x00000534       0x26 c:/imt_sdk_win_64/winavr/bin/../lib/gcc/avr/4.3.3/avr5\libgcc.a(_fpcmp_parts_sf.o)

.debug_info     0x00000000     0x40e6
 *(.debug_info)
 .debug_info    0x00000000      0x29b ./MCAL/Timer/Timer.o
 .debug_info    0x0000029b        0x0 ./MCAL/Timer/Timer_cfg.o
 .debug_info    0x0000029b       0x9a ./MCAL/GI/GI_program.o
 .debug_info    0x00000335       0xfe ./MCAL/EXTI/EXTI_program.o
 .debug_info    0x00000433       0x70 ./MCAL/EXI/EXI_cfg.o
 .debug_info    0x000004a3      0x314 ./MCAL/DIO/DIO.o
 .debug_info    0x000007b7       0xc0 ./MCAL/DIO/DIO_cfg.o
 .debug_info    0x00000877      0x875 ./HAL/LCD/LCD.o
 .debug_info    0x000010ec      0x184 ./HAL/KEYPAD/KEYPAD.o
 .debug_info    0x00001270       0xe9 ./HAL/KEYPAD/KEYPAD_cfg.o
 .debug_info    0x00001359      0x1c4 ./APP/EXTI_test.o
 .debug_info    0x0000151d       0xb1 c:/imt_sdk_win_64/winavr/bin/../lib/gcc/avr/4.3.3/avr5\libgcc.a(_fixunssfsi.o)
 .debug_info    0x000015ce      0x756 c:/imt_sdk_win_64/winavr/bin/../lib/gcc/avr/4.3.3/avr5\libgcc.a(_divdi3.o)
 .debug_info    0x00001d24      0x781 c:/imt_sdk_win_64/winavr/bin/../lib/gcc/avr/4.3.3/avr5\libgcc.a(_moddi3.o)
 .debug_info    0x000024a5      0x47a c:/imt_sdk_win_64/winavr/bin/../lib/gcc/avr/4.3.3/avr5\libgcc.a(_addsub_sf.o)
 .debug_info    0x0000291f      0x485 c:/imt_sdk_win_64/winavr/bin/../lib/gcc/avr/4.3.3/avr5\libgcc.a(_mul_sf.o)
 .debug_info    0x00002da4      0x27f c:/imt_sdk_win_64/winavr/bin/../lib/gcc/avr/4.3.3/avr5\libgcc.a(_gt_sf.o)
 .debug_info    0x00003023      0x27f c:/imt_sdk_win_64/winavr/bin/../lib/gcc/avr/4.3.3/avr5\libgcc.a(_ge_sf.o)
 .debug_info    0x000032a2      0x27f c:/imt_sdk_win_64/winavr/bin/../lib/gcc/avr/4.3.3/avr5\libgcc.a(_lt_sf.o)
 .debug_info    0x00003521      0x2b0 c:/imt_sdk_win_64/winavr/bin/../lib/gcc/avr/4.3.3/avr5\libgcc.a(_sf_to_si.o)
 .debug_info    0x000037d1      0x12c c:/imt_sdk_win_64/winavr/bin/../lib/gcc/avr/4.3.3/avr5\libgcc.a(_thenan_sf.o)
 .debug_info    0x000038fd       0xa9 c:/imt_sdk_win_64/winavr/bin/../lib/gcc/avr/4.3.3/avr5\libgcc.a(_clz.o)
 .debug_info    0x000039a6      0x2df c:/imt_sdk_win_64/winavr/bin/../lib/gcc/avr/4.3.3/avr5\libgcc.a(_pack_sf.o)
 .debug_info    0x00003c85      0x251 c:/imt_sdk_win_64/winavr/bin/../lib/gcc/avr/4.3.3/avr5\libgcc.a(_unpack_sf.o)
 .debug_info    0x00003ed6      0x210 c:/imt_sdk_win_64/winavr/bin/../lib/gcc/avr/4.3.3/avr5\libgcc.a(_fpcmp_parts_sf.o)
 *(.gnu.linkonce.wi.*)

.debug_abbrev   0x00000000     0x18dd
 *(.debug_abbrev)
 .debug_abbrev  0x00000000       0xb6 ./MCAL/Timer/Timer.o
 .debug_abbrev  0x000000b6        0x1 ./MCAL/Timer/Timer_cfg.o
 .debug_abbrev  0x000000b7       0x36 ./MCAL/GI/GI_program.o
 .debug_abbrev  0x000000ed       0x6b ./MCAL/EXTI/EXTI_program.o
 .debug_abbrev  0x00000158       0x21 ./MCAL/EXI/EXI_cfg.o
 .debug_abbrev  0x00000179       0xf9 ./MCAL/DIO/DIO.o
 .debug_abbrev  0x00000272       0x77 ./MCAL/DIO/DIO_cfg.o
 .debug_abbrev  0x000002e9      0x18c ./HAL/LCD/LCD.o
 .debug_abbrev  0x00000475       0xe2 ./HAL/KEYPAD/KEYPAD.o
 .debug_abbrev  0x00000557       0x72 ./HAL/KEYPAD/KEYPAD_cfg.o
 .debug_abbrev  0x000005c9       0x81 ./APP/EXTI_test.o
 .debug_abbrev  0x0000064a       0x5d c:/imt_sdk_win_64/winavr/bin/../lib/gcc/avr/4.3.3/avr5\libgcc.a(_fixunssfsi.o)
 .debug_abbrev  0x000006a7      0x19f c:/imt_sdk_win_64/winavr/bin/../lib/gcc/avr/4.3.3/avr5\libgcc.a(_divdi3.o)
 .debug_abbrev  0x00000846      0x19f c:/imt_sdk_win_64/winavr/bin/../lib/gcc/avr/4.3.3/avr5\libgcc.a(_moddi3.o)
 .debug_abbrev  0x000009e5      0x1ea c:/imt_sdk_win_64/winavr/bin/../lib/gcc/avr/4.3.3/avr5\libgcc.a(_addsub_sf.o)
 .debug_abbrev  0x00000bcf      0x21b c:/imt_sdk_win_64/winavr/bin/../lib/gcc/avr/4.3.3/avr5\libgcc.a(_mul_sf.o)
 .debug_abbrev  0x00000dea      0x15a c:/imt_sdk_win_64/winavr/bin/../lib/gcc/avr/4.3.3/avr5\libgcc.a(_gt_sf.o)
 .debug_abbrev  0x00000f44      0x15a c:/imt_sdk_win_64/winavr/bin/../lib/gcc/avr/4.3.3/avr5\libgcc.a(_ge_sf.o)
 .debug_abbrev  0x0000109e      0x15a c:/imt_sdk_win_64/winavr/bin/../lib/gcc/avr/4.3.3/avr5\libgcc.a(_lt_sf.o)
 .debug_abbrev  0x000011f8      0x17f c:/imt_sdk_win_64/winavr/bin/../lib/gcc/avr/4.3.3/avr5\libgcc.a(_sf_to_si.o)
 .debug_abbrev  0x00001377       0xad c:/imt_sdk_win_64/winavr/bin/../lib/gcc/avr/4.3.3/avr5\libgcc.a(_thenan_sf.o)
 .debug_abbrev  0x00001424       0x6a c:/imt_sdk_win_64/winavr/bin/../lib/gcc/avr/4.3.3/avr5\libgcc.a(_clz.o)
 .debug_abbrev  0x0000148e      0x1c0 c:/imt_sdk_win_64/winavr/bin/../lib/gcc/avr/4.3.3/avr5\libgcc.a(_pack_sf.o)
 .debug_abbrev  0x0000164e      0x154 c:/imt_sdk_win_64/winavr/bin/../lib/gcc/avr/4.3.3/avr5\libgcc.a(_unpack_sf.o)
 .debug_abbrev  0x000017a2      0x13b c:/imt_sdk_win_64/winavr/bin/../lib/gcc/avr/4.3.3/avr5\libgcc.a(_fpcmp_parts_sf.o)

.debug_line     0x00000000     0x2d43
 *(.debug_line)
 .debug_line    0x00000000      0x2cd ./MCAL/Timer/Timer.o
 .debug_line    0x000002cd       0x41 ./MCAL/Timer/Timer_cfg.o
 .debug_line    0x0000030e      0x103 ./MCAL/GI/GI_program.o
 .debug_line    0x00000411      0x1d4 ./MCAL/EXTI/EXTI_program.o
 .debug_line    0x000005e5       0xf9 ./MCAL/EXI/EXI_cfg.o
 .debug_line    0x000006de      0x331 ./MCAL/DIO/DIO.o
 .debug_line    0x00000a0f       0xcb ./MCAL/DIO/DIO_cfg.o
 .debug_line    0x00000ada      0xafc ./HAL/LCD/LCD.o
 .debug_line    0x000015d6      0x1ab ./HAL/KEYPAD/KEYPAD.o
 .debug_line    0x00001781       0xfd ./HAL/KEYPAD/KEYPAD_cfg.o
 .debug_line    0x0000187e      0x1f4 ./APP/EXTI_test.o
 .debug_line    0x00001a72       0xa7 c:/imt_sdk_win_64/winavr/bin/../lib/gcc/avr/4.3.3/avr5\libgcc.a(_fixunssfsi.o)
 .debug_line    0x00001b19      0x228 c:/imt_sdk_win_64/winavr/bin/../lib/gcc/avr/4.3.3/avr5\libgcc.a(_divdi3.o)
 .debug_line    0x00001d41      0x280 c:/imt_sdk_win_64/winavr/bin/../lib/gcc/avr/4.3.3/avr5\libgcc.a(_moddi3.o)
 .debug_line    0x00001fc1      0x2af c:/imt_sdk_win_64/winavr/bin/../lib/gcc/avr/4.3.3/avr5\libgcc.a(_addsub_sf.o)
 .debug_line    0x00002270      0x239 c:/imt_sdk_win_64/winavr/bin/../lib/gcc/avr/4.3.3/avr5\libgcc.a(_mul_sf.o)
 .debug_line    0x000024a9       0xd3 c:/imt_sdk_win_64/winavr/bin/../lib/gcc/avr/4.3.3/avr5\libgcc.a(_gt_sf.o)
 .debug_line    0x0000257c       0xd3 c:/imt_sdk_win_64/winavr/bin/../lib/gcc/avr/4.3.3/avr5\libgcc.a(_ge_sf.o)
 .debug_line    0x0000264f       0xd3 c:/imt_sdk_win_64/winavr/bin/../lib/gcc/avr/4.3.3/avr5\libgcc.a(_lt_sf.o)
 .debug_line    0x00002722      0x109 c:/imt_sdk_win_64/winavr/bin/../lib/gcc/avr/4.3.3/avr5\libgcc.a(_sf_to_si.o)
 .debug_line    0x0000282b       0x90 c:/imt_sdk_win_64/winavr/bin/../lib/gcc/avr/4.3.3/avr5\libgcc.a(_thenan_sf.o)
 .debug_line    0x000028bb       0x7c c:/imt_sdk_win_64/winavr/bin/../lib/gcc/avr/4.3.3/avr5\libgcc.a(_clz.o)
 .debug_line    0x00002937      0x18a c:/imt_sdk_win_64/winavr/bin/../lib/gcc/avr/4.3.3/avr5\libgcc.a(_pack_sf.o)
 .debug_line    0x00002ac1      0x14b c:/imt_sdk_win_64/winavr/bin/../lib/gcc/avr/4.3.3/avr5\libgcc.a(_unpack_sf.o)
 .debug_line    0x00002c0c      0x137 c:/imt_sdk_win_64/winavr/bin/../lib/gcc/avr/4.3.3/avr5\libgcc.a(_fpcmp_parts_sf.o)

.debug_frame    0x00000000      0x460
 *(.debug_frame)
 .debug_frame   0x00000000       0xc0 ./MCAL/Timer/Timer.o
 .debug_frame   0x000000c0       0x30 ./MCAL/GI/GI_program.o
 .debug_frame   0x000000f0       0x40 ./MCAL/EXTI/EXTI_program.o
 .debug_frame   0x00000130       0x60 ./MCAL/DIO/DIO.o
 .debug_frame   0x00000190       0xa0 ./HAL/LCD/LCD.o
 .debug_frame   0x00000230       0x30 ./HAL/KEYPAD/KEYPAD.o
 .debug_frame   0x00000260       0x60 ./APP/EXTI_test.o
 .debug_frame   0x000002c0       0x20 c:/imt_sdk_win_64/winavr/bin/../lib/gcc/avr/4.3.3/avr5\libgcc.a(_fixunssfsi.o)
 .debug_frame   0x000002e0       0x20 c:/imt_sdk_win_64/winavr/bin/../lib/gcc/avr/4.3.3/avr5\libgcc.a(_divdi3.o)
 .debug_frame   0x00000300       0x20 c:/imt_sdk_win_64/winavr/bin/../lib/gcc/avr/4.3.3/avr5\libgcc.a(_moddi3.o)
 .debug_frame   0x00000320       0x40 c:/imt_sdk_win_64/winavr/bin/../lib/gcc/avr/4.3.3/avr5\libgcc.a(_addsub_sf.o)
 .debug_frame   0x00000360       0x20 c:/imt_sdk_win_64/winavr/bin/../lib/gcc/avr/4.3.3/avr5\libgcc.a(_mul_sf.o)
 .debug_frame   0x00000380       0x20 c:/imt_sdk_win_64/winavr/bin/../lib/gcc/avr/4.3.3/avr5\libgcc.a(_gt_sf.o)
 .debug_frame   0x000003a0       0x20 c:/imt_sdk_win_64/winavr/bin/../lib/gcc/avr/4.3.3/avr5\libgcc.a(_ge_sf.o)
 .debug_frame   0x000003c0       0x20 c:/imt_sdk_win_64/winavr/bin/../lib/gcc/avr/4.3.3/avr5\libgcc.a(_lt_sf.o)
 .debug_frame   0x000003e0       0x20 c:/imt_sdk_win_64/winavr/bin/../lib/gcc/avr/4.3.3/avr5\libgcc.a(_sf_to_si.o)
 .debug_frame   0x00000400       0x20 c:/imt_sdk_win_64/winavr/bin/../lib/gcc/avr/4.3.3/avr5\libgcc.a(_pack_sf.o)
 .debug_frame   0x00000420       0x20 c:/imt_sdk_win_64/winavr/bin/../lib/gcc/avr/4.3.3/avr5\libgcc.a(_unpack_sf.o)
 .debug_frame   0x00000440       0x20 c:/imt_sdk_win_64/winavr/bin/../lib/gcc/avr/4.3.3/avr5\libgcc.a(_fpcmp_parts_sf.o)

.debug_str      0x00000000      0x9aa
 *(.debug_str)
 .debug_str     0x00000000      0x2b5 ./MCAL/Timer/Timer.o
                                0x2ee (size before relaxing)
 .debug_str     0x000002b5       0x49 ./MCAL/GI/GI_program.o
                                0x104 (size before relaxing)
 .debug_str     0x000002fe       0x56 ./MCAL/EXTI/EXTI_program.o
                                0x117 (size before relaxing)
 .debug_str     0x00000354       0x16 ./MCAL/EXI/EXI_cfg.o
                                 0xd1 (size before relaxing)
 .debug_str     0x0000036a      0x18b ./MCAL/DIO/DIO.o
                                0x251 (size before relaxing)
 .debug_str     0x000004f5       0x16 ./MCAL/DIO/DIO_cfg.o
                                0x112 (size before relaxing)
 .debug_str     0x0000050b      0x11b ./HAL/LCD/LCD.o
                                0x2b7 (size before relaxing)
 .debug_str     0x00000626       0x57 ./HAL/KEYPAD/KEYPAD.o
                                0x11d (size before relaxing)
 .debug_str     0x0000067d       0x1b ./HAL/KEYPAD/KEYPAD_cfg.o
                                 0xe1 (size before relaxing)
 .debug_str     0x00000698       0x46 ./APP/EXTI_test.o
                                0x1da (size before relaxing)
 .debug_str     0x000006de       0x80 c:/imt_sdk_win_64/winavr/bin/../lib/gcc/avr/4.3.3/avr5\libgcc.a(_fixunssfsi.o)
                                 0xfe (size before relaxing)
 .debug_str     0x0000075e       0x8c c:/imt_sdk_win_64/winavr/bin/../lib/gcc/avr/4.3.3/avr5\libgcc.a(_divdi3.o)
                                0x189 (size before relaxing)
 .debug_str     0x000007ea        0x9 c:/imt_sdk_win_64/winavr/bin/../lib/gcc/avr/4.3.3/avr5\libgcc.a(_moddi3.o)
                                0x189 (size before relaxing)
 .debug_str     0x000007f3      0x13d c:/imt_sdk_win_64/winavr/bin/../lib/gcc/avr/4.3.3/avr5\libgcc.a(_addsub_sf.o)
                                0x206 (size before relaxing)
 .debug_str     0x00000930       0x27 c:/imt_sdk_win_64/winavr/bin/../lib/gcc/avr/4.3.3/avr5\libgcc.a(_mul_sf.o)
                                0x1bf (size before relaxing)
 .debug_str     0x00000957        0x8 c:/imt_sdk_win_64/winavr/bin/../lib/gcc/avr/4.3.3/avr5\libgcc.a(_gt_sf.o)
                                0x195 (size before relaxing)
 .debug_str     0x0000095f        0x8 c:/imt_sdk_win_64/winavr/bin/../lib/gcc/avr/4.3.3/avr5\libgcc.a(_ge_sf.o)
                                0x195 (size before relaxing)
 .debug_str     0x00000967        0x8 c:/imt_sdk_win_64/winavr/bin/../lib/gcc/avr/4.3.3/avr5\libgcc.a(_lt_sf.o)
                                0x195 (size before relaxing)
 .debug_str     0x0000096f        0xa c:/imt_sdk_win_64/winavr/bin/../lib/gcc/avr/4.3.3/avr5\libgcc.a(_sf_to_si.o)
                                0x19e (size before relaxing)
 .debug_str     0x00000000      0x103 c:/imt_sdk_win_64/winavr/bin/../lib/gcc/avr/4.3.3/avr5\libgcc.a(_thenan_sf.o)
 .debug_str     0x00000000       0xf4 c:/imt_sdk_win_64/winavr/bin/../lib/gcc/avr/4.3.3/avr5\libgcc.a(_clz.o)
 .debug_str     0x00000979       0x16 c:/imt_sdk_win_64/winavr/bin/../lib/gcc/avr/4.3.3/avr5\libgcc.a(_pack_sf.o)
                                0x19d (size before relaxing)
 .debug_str     0x0000098f        0xb c:/imt_sdk_win_64/winavr/bin/../lib/gcc/avr/4.3.3/avr5\libgcc.a(_unpack_sf.o)
                                0x17f (size before relaxing)
 .debug_str     0x0000099a       0x10 c:/imt_sdk_win_64/winavr/bin/../lib/gcc/avr/4.3.3/avr5\libgcc.a(_fpcmp_parts_sf.o)
                                0x163 (size before relaxing)

.debug_loc      0x00000000     0x21c0
 *(.debug_loc)
 .debug_loc     0x00000000       0x34 c:/imt_sdk_win_64/winavr/bin/../lib/gcc/avr/4.3.3/avr5\libgcc.a(_fixunssfsi.o)
 .debug_loc     0x00000034      0xe71 c:/imt_sdk_win_64/winavr/bin/../lib/gcc/avr/4.3.3/avr5\libgcc.a(_divdi3.o)
 .debug_loc     0x00000ea5      0xb81 c:/imt_sdk_win_64/winavr/bin/../lib/gcc/avr/4.3.3/avr5\libgcc.a(_moddi3.o)
 .debug_loc     0x00001a26      0x32a c:/imt_sdk_win_64/winavr/bin/../lib/gcc/avr/4.3.3/avr5\libgcc.a(_addsub_sf.o)
 .debug_loc     0x00001d50      0x104 c:/imt_sdk_win_64/winavr/bin/../lib/gcc/avr/4.3.3/avr5\libgcc.a(_mul_sf.o)
 .debug_loc     0x00001e54       0x3c c:/imt_sdk_win_64/winavr/bin/../lib/gcc/avr/4.3.3/avr5\libgcc.a(_gt_sf.o)
 .debug_loc     0x00001e90       0x3c c:/imt_sdk_win_64/winavr/bin/../lib/gcc/avr/4.3.3/avr5\libgcc.a(_ge_sf.o)
 .debug_loc     0x00001ecc       0x3c c:/imt_sdk_win_64/winavr/bin/../lib/gcc/avr/4.3.3/avr5\libgcc.a(_lt_sf.o)
 .debug_loc     0x00001f08       0x7e c:/imt_sdk_win_64/winavr/bin/../lib/gcc/avr/4.3.3/avr5\libgcc.a(_sf_to_si.o)
 .debug_loc     0x00001f86      0x13e c:/imt_sdk_win_64/winavr/bin/../lib/gcc/avr/4.3.3/avr5\libgcc.a(_pack_sf.o)
 .debug_loc     0x000020c4       0xac c:/imt_sdk_win_64/winavr/bin/../lib/gcc/avr/4.3.3/avr5\libgcc.a(_unpack_sf.o)
 .debug_loc     0x00002170       0x50 c:/imt_sdk_win_64/winavr/bin/../lib/gcc/avr/4.3.3/avr5\libgcc.a(_fpcmp_parts_sf.o)

.debug_macinfo  0x00000000     0xe95e
 *(.debug_macinfo)
 .debug_macinfo
                0x00000000     0x172f ./MCAL/Timer/Timer.o
 .debug_macinfo
                0x0000172f      0xbb0 ./MCAL/Timer/Timer_cfg.o
 .debug_macinfo
                0x000022df      0xdb2 ./MCAL/GI/GI_program.o
 .debug_macinfo
                0x00003091      0xf89 ./MCAL/EXTI/EXTI_program.o
 .debug_macinfo
                0x0000401a     0x164b ./MCAL/EXI/EXI_cfg.o
 .debug_macinfo
                0x00005665     0x158a ./MCAL/DIO/DIO.o
 .debug_macinfo
                0x00006bef     0x158a ./MCAL/DIO/DIO_cfg.o
 .debug_macinfo
                0x00008179     0x2468 ./HAL/LCD/LCD.o
 .debug_macinfo
                0x0000a5e1     0x1630 ./HAL/KEYPAD/KEYPAD.o
 .debug_macinfo
                0x0000bc11     0x160a ./HAL/KEYPAD/KEYPAD_cfg.o
 .debug_macinfo
                0x0000d21b     0x1743 ./APP/EXTI_test.o
OUTPUT(ITI_Embedded.elf elf32-avr)
LOAD linker stubs

.debug_ranges   0x00000000      0x218
 .debug_ranges  0x00000000       0x68 ./MCAL/Timer/Timer.o
 .debug_ranges  0x00000068       0x20 ./MCAL/GI/GI_program.o
 .debug_ranges  0x00000088       0x28 ./MCAL/EXTI/EXTI_program.o
 .debug_ranges  0x000000b0       0x38 ./MCAL/DIO/DIO.o
 .debug_ranges  0x000000e8       0x58 ./HAL/LCD/LCD.o
 .debug_ranges  0x00000140       0x20 ./HAL/KEYPAD/KEYPAD.o
 .debug_ranges  0x00000160       0x38 ./APP/EXTI_test.o
 .debug_ranges  0x00000198       0x18 c:/imt_sdk_win_64/winavr/bin/../lib/gcc/avr/4.3.3/avr5\libgcc.a(_divdi3.o)
 .debug_ranges  0x000001b0       0x18 c:/imt_sdk_win_64/winavr/bin/../lib/gcc/avr/4.3.3/avr5\libgcc.a(_moddi3.o)
 .debug_ranges  0x000001c8       0x50 c:/imt_sdk_win_64/winavr/bin/../lib/gcc/avr/4.3.3/avr5\libgcc.a(_mul_sf.o)
